13:17:52.348 [main] DEBUG com.intuit.karate.Suite - [config] classpath:karate-config.js
13:17:52.354 [main] WARN  com.intuit.karate.Suite - failed to backup existing dir: target
13:17:52.360 [main] DEBUG com.intuit.karate.Suite - waiting for 2 features to complete
13:17:53.787 [main] DEBUG com.intuit.karate - request:
1 > POST http://10.161.169.27:8511/intraLogin
1 > Content-Type: application/json; charset=UTF-8
1 > Content-Length: 39
1 > Host: 10.161.169.27:8511
1 > Connection: Keep-Alive
1 > User-Agent: Apache-HttpClient/4.5.14 (Java/17.0.12)
1 > Accept-Encoding: gzip,deflate
{"login":"tns01","clave":"T3st2024.+-"}

13:17:53.934 [main] DEBUG com.intuit.karate - response time in milliseconds: 143
1 < 200
1 < Content-Type: application/json
1 < content-length: 326
{"token":"eyJhbGciOiJIUzM4NCJ9.eyJjb2RFbXBsb3llZSI6IkExQzNBQzY3QTQ4NDI5MDFBOTkzOEMyNDZGNUE1RjQxIiwic3ViIjoiZGVmYXVsdC1zdWJqZWN0IiwiaXNzIjoiZGVmYXVsdC1pc3N1ZXIiLCJwcmVmZXJyZWRfdXNlcm5hbWUiOiJkZWZhdWx0LXVzZXJuYW1lIiwiaWF0IjoxNzU1NjIzODczLCJleHAiOjE3NTU2Mjc0NzN9.k6rY3sBdYzz8_nVX7u7UrL85c8h023tGsKABc_gfzMqGNgGXwPeRjARYb4Ft9dP1"}

13:17:54.246 [main] INFO  com.intuit.karate - [print] === TIEMPO DE RESPUESTA DEL FEATURE loginToken === 0.143 s 
13:17:54.255 [main] INFO  com.intuit.karate - [print] HEADERS usados: {
  "Content-Type": "application/json",
  "X-USER-ID": "E11011",
  "X-CORRELATION-ID": "1445|E11011|234234",
  "X-TOKEN-ID": "eyJhbGciOiJIUzM4NCJ9.eyJjb2RFbXBsb3llZSI6IkExQzNBQzY3QTQ4NDI5MDFBOTkzOEMyNDZGNUE1RjQxIiwic3ViIjoiZGVmYXVsdC1zdWJqZWN0IiwiaXNzIjoiZGVmYXVsdC1pc3N1ZXIiLCJwcmVmZXJyZWRfdXNlcm5hbWUiOiJkZWZhdWx0LXVzZXJuYW1lIiwiaWF0IjoxNzU1NjIzODczLCJleHAiOjE3NTU2Mjc0NzN9.k6rY3sBdYzz8_nVX7u7UrL85c8h023tGsKABc_gfzMqGNgGXwPeRjARYb4Ft9dP1"
}
 
13:17:54.256 [main] INFO  com.intuit.karate - [print] TOKEN obtenido: eyJhbGciOiJIUzM4NCJ9.eyJjb2RFbXBsb3llZSI6IkExQzNBQzY3QTQ4NDI5MDFBOTkzOEMyNDZGNUE1RjQxIiwic3ViIjoiZGVmYXVsdC1zdWJqZWN0IiwiaXNzIjoiZGVmYXVsdC1pc3N1ZXIiLCJwcmVmZXJyZWRfdXNlcm5hbWUiOiJkZWZhdWx0LXVzZXJuYW1lIiwiaWF0IjoxNzU1NjIzODczLCJleHAiOjE3NTU2Mjc0NzN9.k6rY3sBdYzz8_nVX7u7UrL85c8h023tGsKABc_gfzMqGNgGXwPeRjARYb4Ft9dP1 
13:17:54.265 [main] DEBUG com.intuit.karate - request:
1 > GET http://10.161.169.27:8517/api/v1/estaciones/log-estaciones?correlationId=1445%7CE11011%7C234234&createdStartDate=2022-03-10T12%3A15%3A50&createdEndDate=2022-03-10T12%3A15%3A50&limit=10&page=1
1 > Content-Type: application/json
1 > X-USER-ID: E11011
1 > X-CORRELATION-ID: 1445|E11011|234234
1 > X-TOKEN-ID: eyJhbGciOiJIUzM4NCJ9.eyJjb2RFbXBsb3llZSI6IkExQzNBQzY3QTQ4NDI5MDFBOTkzOEMyNDZGNUE1RjQxIiwic3ViIjoiZGVmYXVsdC1zdWJqZWN0IiwiaXNzIjoiZGVmYXVsdC1pc3N1ZXIiLCJwcmVmZXJyZWRfdXNlcm5hbWUiOiJkZWZhdWx0LXVzZXJuYW1lIiwiaWF0IjoxNzU1NjIzODczLCJleHAiOjE3NTU2Mjc0NzN9.k6rY3sBdYzz8_nVX7u7UrL85c8h023tGsKABc_gfzMqGNgGXwPeRjARYb4Ft9dP1
1 > Host: 10.161.169.27:8517
1 > Connection: Keep-Alive
1 > User-Agent: Apache-HttpClient/4.5.14 (Java/17.0.12)
1 > Accept-Encoding: gzip,deflate


13:17:54.480 [main] DEBUG com.intuit.karate - response time in milliseconds: 214
1 < 200
1 < content-length: 170
1 < Content-Type: application/json;charset=UTF-8
{"success":true,"data":{"data":[],"total":0,"page":1,"limit":10,"hasNext":false,"hasPrev":false,"next":1,"prev":1,"pages":0,"last":0,"first":1},"timestamp":1755623874458}

13:17:54.486 [main] INFO  com.intuit.karate - [print] Total de logs encontrados: 0 
13:17:54.488 [main] INFO  com.intuit.karate - [print] === TIEMPO DE RESPUESTA === 0.214 s 
13:17:55.141 [main] INFO  com.intuit.karate.Suite - <<pass>> feature 2 of 2 (0 remaining) classpath:api/obtenerLog.feature
13:19:08.828 [main] DEBUG com.intuit.karate.Suite - [config] classpath:karate-config.js
13:19:08.835 [main] WARN  com.intuit.karate.Suite - failed to backup existing dir: target
13:19:08.837 [main] DEBUG com.intuit.karate.Suite - waiting for 2 features to complete
13:19:10.244 [main] DEBUG com.intuit.karate - request:
1 > POST http://10.161.169.27:8511/intraLogin
1 > Content-Type: application/json; charset=UTF-8
1 > Content-Length: 39
1 > Host: 10.161.169.27:8511
1 > Connection: Keep-Alive
1 > User-Agent: Apache-HttpClient/4.5.14 (Java/17.0.12)
1 > Accept-Encoding: gzip,deflate
{"login":"tns01","clave":"T3st2024.+-"}

13:19:10.384 [main] DEBUG com.intuit.karate - response time in milliseconds: 138
1 < 200
1 < Content-Type: application/json
1 < content-length: 326
{"token":"eyJhbGciOiJIUzM4NCJ9.eyJjb2RFbXBsb3llZSI6IjkwNzFFMDU0QzZEMEUyQzExRTI3NUIzQjlFM0JEMjRFIiwic3ViIjoiZGVmYXVsdC1zdWJqZWN0IiwiaXNzIjoiZGVmYXVsdC1pc3N1ZXIiLCJwcmVmZXJyZWRfdXNlcm5hbWUiOiJkZWZhdWx0LXVzZXJuYW1lIiwiaWF0IjoxNzU1NjIzOTUwLCJleHAiOjE3NTU2Mjc1NTB9.9PIHV9ZReFKICuSptK7VlZca6mvaYwZRKLqyDR8qlFu9-yL0_p7likwFYvgCo_k2"}

13:19:10.706 [main] INFO  com.intuit.karate - [print] === TIEMPO DE RESPUESTA DEL FEATURE loginToken === 0.138 s 
13:19:10.713 [main] INFO  com.intuit.karate - [print] HEADERS usados: {
  "Content-Type": "application/json",
  "X-USER-ID": "E11011",
  "X-CORRELATION-ID": "1445|E11011|234234",
  "X-TOKEN-ID": "eyJhbGciOiJIUzM4NCJ9.eyJjb2RFbXBsb3llZSI6IjkwNzFFMDU0QzZEMEUyQzExRTI3NUIzQjlFM0JEMjRFIiwic3ViIjoiZGVmYXVsdC1zdWJqZWN0IiwiaXNzIjoiZGVmYXVsdC1pc3N1ZXIiLCJwcmVmZXJyZWRfdXNlcm5hbWUiOiJkZWZhdWx0LXVzZXJuYW1lIiwiaWF0IjoxNzU1NjIzOTUwLCJleHAiOjE3NTU2Mjc1NTB9.9PIHV9ZReFKICuSptK7VlZca6mvaYwZRKLqyDR8qlFu9-yL0_p7likwFYvgCo_k2"
}
 
13:19:10.713 [main] INFO  com.intuit.karate - [print] TOKEN obtenido: eyJhbGciOiJIUzM4NCJ9.eyJjb2RFbXBsb3llZSI6IjkwNzFFMDU0QzZEMEUyQzExRTI3NUIzQjlFM0JEMjRFIiwic3ViIjoiZGVmYXVsdC1zdWJqZWN0IiwiaXNzIjoiZGVmYXVsdC1pc3N1ZXIiLCJwcmVmZXJyZWRfdXNlcm5hbWUiOiJkZWZhdWx0LXVzZXJuYW1lIiwiaWF0IjoxNzU1NjIzOTUwLCJleHAiOjE3NTU2Mjc1NTB9.9PIHV9ZReFKICuSptK7VlZca6mvaYwZRKLqyDR8qlFu9-yL0_p7likwFYvgCo_k2 
13:19:10.721 [main] DEBUG com.intuit.karate - request:
1 > GET http://10.161.169.27:8517/api/v1/estaciones/log-estaciones?correlationId=1445%7CE11011%7C234234&createdStartDate=2025-08-01T08%3A00%3A00&createdEndDate=2025-08-19T13%3A00%3A00&limit=10&page=1
1 > Content-Type: application/json
1 > X-USER-ID: E11011
1 > X-CORRELATION-ID: 1445|E11011|234234
1 > X-TOKEN-ID: eyJhbGciOiJIUzM4NCJ9.eyJjb2RFbXBsb3llZSI6IjkwNzFFMDU0QzZEMEUyQzExRTI3NUIzQjlFM0JEMjRFIiwic3ViIjoiZGVmYXVsdC1zdWJqZWN0IiwiaXNzIjoiZGVmYXVsdC1pc3N1ZXIiLCJwcmVmZXJyZWRfdXNlcm5hbWUiOiJkZWZhdWx0LXVzZXJuYW1lIiwiaWF0IjoxNzU1NjIzOTUwLCJleHAiOjE3NTU2Mjc1NTB9.9PIHV9ZReFKICuSptK7VlZca6mvaYwZRKLqyDR8qlFu9-yL0_p7likwFYvgCo_k2
1 > Host: 10.161.169.27:8517
1 > Connection: Keep-Alive
1 > User-Agent: Apache-HttpClient/4.5.14 (Java/17.0.12)
1 > Accept-Encoding: gzip,deflate


13:19:10.896 [main] DEBUG com.intuit.karate - response time in milliseconds: 175
1 < 200
1 < content-length: 170
1 < Content-Type: application/json;charset=UTF-8
{"success":true,"data":{"data":[],"total":0,"page":1,"limit":10,"hasNext":false,"hasPrev":false,"next":1,"prev":1,"pages":0,"last":0,"first":1},"timestamp":1755623950877}

13:19:10.902 [main] INFO  com.intuit.karate - [print] Total de logs encontrados: 0 
13:19:10.902 [main] INFO  com.intuit.karate - [print] === TIEMPO DE RESPUESTA === 0.175 s 
13:19:11.603 [main] INFO  com.intuit.karate.Suite - <<pass>> feature 2 of 2 (0 remaining) classpath:api/obtenerLog.feature
